Audit Header:
  Project: THP-Hardening-LastOneMile
  Task ID: LM-05
  Document: LM-05_Submission_Receipt
  Version: 2025-09-18 v1.0
  Status: Pending Official Gazette Acknowledgement
  Prepared: 2025-09-18 06:25 JST
  Prepared By: MoJ Gazette Liaison

Submission Record Template:
  package_hash: 
  notice_id: 
  commander_approval_id: 
  submission_timestamp: 
  submitted_by: 
  channel: SecureLine / *****
  receiving_officer: 
  acknowledgment_reference: 
  acknowledgment_timestamp: 
  remarks: 

Instructions:
- Compute SHA256 of LM-05_Submission_Package_for_Gazette.zip and record as package_hash.
- Update distribution_log.jsonl and distribution_id_registry.jsonl with notice_id and commander_approval_id once assigned.
- Attach received acknowledgment documents to /ops/legal-public/submissions/.
