Audit Header:
  Project: THP-Hardening-LastOneMile
  Task ID: LM-04
  Document: LM-04_Approval_Record
  Version: 2025-09-18 v0.9
  Status: Pending Commander Approval
  Prepared: 2025-09-18 06:22 JST
  Prepared By: JIMS-Operations Liaison

Commander Approval Log Entry Template:
  approval_timestamp: 
  commander_name: 
  commander_signature: 
  commander_approval_id: 
  resource_allocation_decision: 
  additional_directives: 
  recorded_by: 
  recorded_at: 

Notes:
- Update the above fields immediately upon receiving the signed approval.
- Archive the signed MoU and update MoU_Progress_Log.jsonl with the approval ID.
- Provide a copy of this record to MOFA liaison and OpsRoom archive.
