Audit Header:
  Project: THP-Hardening-LastOneMile
  Task ID: LM-04
  Document: LM-04_MoU_Final_Dissemination_Record
  Version: 2025-09-18 v1.0
  Status: Completed
  Prepared: 2025-09-18 06:35 JST
  Prepared By: JIMS-Operations Liaison

Commander Approval:
  approval_timestamp: 2025-09-18T06:32:41+09:00
  commander_name: Commander Akagi
  commander_signature: /s/ Akagi
  commander_approval_id: CMD-THP-LM04-20250918-01
  resource_allocation_decision: Maintain MiniLateral priority (LNG → Medical → Semiconductor)
  additional_directives: Initiate 30-minute readiness briefings post-activation; Incident reporting remains 48h SLA.

Distribution Summary:
  dissemination_timestamp: 2025-09-18T06:36:10+09:00
  method: SecureLine broadcast + War-Room archive
  recipients:
    - JIMS-Operations Core
    - JIMS-Finance DataOps
    - JIMS-Legal Liaison
    - OpsRoom Watch Officers
    - MiniLateral Liaison Network
  attached_documents:
    - LM-04_MoU_Draft_v2_reviewed.md
    - MiniLateral_Activation_Log.jsonl (entry appended)
    - LM-04_Approval_Briefing_Package.md

Log Entries:
  - timestamp: 2025-09-18T06:36:45+09:00
    action: MoU archived in OpsRoom secure store `/mou/signed/20250918/`
    operator: JIMS-Operations Liaison
  - timestamp: 2025-09-18T06:37:12+09:00
    action: MoU_Progress_Log.jsonl updated with approval ID CMD-THP-LM04-20250918-01
    operator: OpsRoom Scribe
  - timestamp: 2025-09-18T06:38:03+09:00
    action: Commander brief acknowledgments received from JIMS-Finance, JIMS-Legal, OpsRoom
    operator: War-Room Comms Bot

Recorded By:
  name: Rina Kagawa
  role: JIMS-Operations Liaison
  recorded_at: 2025-09-18T06:39:18+09:00
